
================ reactive  seed=4  (Pp=100 Pd=0 Pt=0 rewire=False k=5 c=2 eps=0,02 qmax=0,2 N=10000 theta=6 crash=0 shape=0 multi=1 randrw=0 oracle=False fixedthr=0 rules=7 cooper=False dmax=160 mu=1 noscale=False plateau=0 reactive=True) ================

================ reactive  seed=5  (Pp=100 Pd=0 Pt=0 rewire=False k=5 c=2 eps=0,02 qmax=0,2 N=10000 theta=6 crash=0 shape=0 multi=1 randrw=0 oracle=False fixedthr=0 rules=7 cooper=False dmax=160 mu=1 noscale=False plateau=0 reactive=True) ================

================ reactive  seed=3  (Pp=100 Pd=0 Pt=0 rewire=False k=5 c=2 eps=0,02 qmax=0,2 N=10000 theta=6 crash=0 shape=0 multi=1 randrw=0 oracle=False fixedthr=0 rules=7 cooper=False dmax=160 mu=1 noscale=False plateau=0 reactive=True) ================

================ reactive  seed=2  (Pp=100 Pd=0 Pt=0 rewire=False k=5 c=2 eps=0,02 qmax=0,2 N=10000 theta=6 crash=0 shape=0 multi=1 randrw=0 oracle=False fixedthr=0 rules=7 cooper=False dmax=160 mu=1 noscale=False plateau=0 reactive=True) ================

================ reactive  seed=1  (Pp=100 Pd=0 Pt=0 rewire=False k=5 c=2 eps=0,02 qmax=0,2 N=10000 theta=6 crash=0 shape=0 multi=1 randrw=0 oracle=False fixedthr=0 rules=7 cooper=False dmax=160 mu=1 noscale=False plateau=0 reactive=True) ================

================ reactive  seed=6  (Pp=100 Pd=0 Pt=0 rewire=False k=5 c=2 eps=0,02 qmax=0,2 N=10000 theta=6 crash=0 shape=0 multi=1 randrw=0 oracle=False fixedthr=0 rules=7 cooper=False dmax=160 mu=1 noscale=False plateau=0 reactive=True) ================
t=200  N=209  holderDeg=-1  probe(ttl4/6/8/12)=0/0/0/0 of 20
t=200  N=209  holderDeg=-1  probe(ttl4/6/8/12)=0/0/0/0 of 20
t=200  N=209  holderDeg=-1  probe(ttl4/6/8/12)=0/0/0/0 of 20
t=200  N=209  holderDeg=-1  probe(ttl4/6/8/12)=0/0/0/0 of 20
t=200  N=209  holderDeg=-1  probe(ttl4/6/8/12)=0/0/0/0 of 20
t=400  N=409  holderDeg=-1  probe(ttl4/6/8/12)=0/0/0/0 of 20
t=200  N=209  holderDeg=-1  probe(ttl4/6/8/12)=0/0/0/0 of 20
t=400  N=409  holderDeg=-1  probe(ttl4/6/8/12)=0/0/0/0 of 20
t=400  N=409  holderDeg=-1  probe(ttl4/6/8/12)=0/0/0/0 of 20
t=400  N=409  holderDeg=-1  probe(ttl4/6/8/12)=0/0/0/0 of 20
t=400  N=409  holderDeg=-1  probe(ttl4/6/8/12)=0/0/0/0 of 20
t=600  N=609  holderDeg=-1  probe(ttl4/6/8/12)=0/0/0/0 of 20
t=400  N=409  holderDeg=-1  probe(ttl4/6/8/12)=0/0/0/0 of 20
t=600  N=609  holderDeg=-1  probe(ttl4/6/8/12)=0/0/0/0 of 20
t=600  N=609  holderDeg=-1  probe(ttl4/6/8/12)=0/0/0/0 of 20
t=600  N=609  holderDeg=-1  probe(ttl4/6/8/12)=0/0/0/0 of 20
t=600  N=609  holderDeg=-1  probe(ttl4/6/8/12)=0/0/0/0 of 20
t=800  N=809  holderDeg=-1  probe(ttl4/6/8/12)=0/0/0/0 of 20
t=600  N=609  holderDeg=-1  probe(ttl4/6/8/12)=0/0/0/0 of 20
t=800  N=809  holderDeg=-1  probe(ttl4/6/8/12)=0/0/0/0 of 20
t=800  N=809  holderDeg=-1  probe(ttl4/6/8/12)=0/0/0/0 of 20
t=800  N=809  holderDeg=-1  probe(ttl4/6/8/12)=0/0/0/0 of 20
t=1000  N=1009  holderDeg=-1  probe(ttl4/6/8/12)=0/0/0/0 of 20
t=800  N=809  holderDeg=-1  probe(ttl4/6/8/12)=0/0/0/0 of 20
t=800  N=809  holderDeg=-1  probe(ttl4/6/8/12)=0/0/0/0 of 20
t=1000  N=1009  holderDeg=-1  probe(ttl4/6/8/12)=0/0/0/0 of 20
t=1000  N=1009  holderDeg=-1  probe(ttl4/6/8/12)=0/0/0/0 of 20
t=1000  N=1009  holderDeg=-1  probe(ttl4/6/8/12)=0/0/0/0 of 20
t=1000  N=1009  holderDeg=-1  probe(ttl4/6/8/12)=0/0/0/0 of 20
t=1200  N=1209  holderDeg=-1  probe(ttl4/6/8/12)=0/0/0/0 of 20
t=1000  N=1009  holderDeg=-1  probe(ttl4/6/8/12)=0/0/0/0 of 20
t=1200  N=1209  holderDeg=-1  probe(ttl4/6/8/12)=0/0/0/0 of 20
t=1200  N=1209  holderDeg=-1  probe(ttl4/6/8/12)=0/0/0/0 of 20
t=1200  N=1209  holderDeg=-1  probe(ttl4/6/8/12)=0/0/0/0 of 20
t=1200  N=1209  holderDeg=-1  probe(ttl4/6/8/12)=0/0/0/0 of 20
t=1400  N=1409  holderDeg=-1  probe(ttl4/6/8/12)=0/0/0/0 of 20
t=1200  N=1209  holderDeg=-1  probe(ttl4/6/8/12)=0/0/0/0 of 20
t=1400  N=1409  holderDeg=-1  probe(ttl4/6/8/12)=0/0/0/0 of 20
t=1400  N=1409  holderDeg=-1  probe(ttl4/6/8/12)=0/0/0/0 of 20
t=1400  N=1409  holderDeg=-1  probe(ttl4/6/8/12)=0/0/0/0 of 20
t=1600  N=1609  holderDeg=-1  probe(ttl4/6/8/12)=0/0/0/0 of 20
t=1400  N=1409  holderDeg=-1  probe(ttl4/6/8/12)=0/0/0/0 of 20
t=1400  N=1409  holderDeg=-1  probe(ttl4/6/8/12)=0/0/0/0 of 20
t=1600  N=1609  holderDeg=-1  probe(ttl4/6/8/12)=0/0/0/0 of 20
t=1600  N=1609  holderDeg=-1  probe(ttl4/6/8/12)=0/0/0/0 of 20
t=1600  N=1609  holderDeg=-1  probe(ttl4/6/8/12)=0/0/0/0 of 20
t=1600  N=1609  holderDeg=-1  probe(ttl4/6/8/12)=0/0/0/0 of 20
t=1800  N=1809  holderDeg=-1  probe(ttl4/6/8/12)=0/0/0/0 of 20
t=1800  N=1809  holderDeg=-1  probe(ttl4/6/8/12)=0/0/0/0 of 20
t=1600  N=1609  holderDeg=-1  probe(ttl4/6/8/12)=0/0/0/0 of 20
t=1800  N=1809  holderDeg=-1  probe(ttl4/6/8/12)=0/0/0/0 of 20
t=2000  N=2009  holderDeg=-1  probe(ttl4/6/8/12)=0/0/0/0 of 20
t=1800  N=1809  holderDeg=-1  probe(ttl4/6/8/12)=0/0/0/0 of 20
t=2000  N=2009  holderDeg=-1  probe(ttl4/6/8/12)=0/0/0/0 of 20
t=1800  N=1809  holderDeg=-1  probe(ttl4/6/8/12)=0/0/0/0 of 20
t=1800  N=1809  holderDeg=-1  probe(ttl4/6/8/12)=0/0/0/0 of 20
t=2000  N=2009  holderDeg=-1  probe(ttl4/6/8/12)=0/0/0/0 of 20
t=2200  N=2209  holderDeg=-1  probe(ttl4/6/8/12)=0/0/0/0 of 20
t=2200  N=2209  holderDeg=-1  probe(ttl4/6/8/12)=0/0/0/0 of 20
t=2000  N=2009  holderDeg=-1  probe(ttl4/6/8/12)=0/0/0/0 of 20
t=2000  N=2009  holderDeg=-1  probe(ttl4/6/8/12)=0/0/0/0 of 20
t=2000  N=2009  holderDeg=-1  probe(ttl4/6/8/12)=0/0/0/0 of 20
t=2200  N=2209  holderDeg=-1  probe(ttl4/6/8/12)=0/0/0/0 of 20
t=2400  N=2409  holderDeg=-1  probe(ttl4/6/8/12)=0/0/0/0 of 20
t=2200  N=2209  holderDeg=-1  probe(ttl4/6/8/12)=0/0/0/0 of 20
t=2400  N=2409  holderDeg=-1  probe(ttl4/6/8/12)=0/0/0/0 of 20
t=2200  N=2209  holderDeg=-1  probe(ttl4/6/8/12)=0/0/0/0 of 20
t=2400  N=2409  holderDeg=-1  probe(ttl4/6/8/12)=0/0/0/0 of 20
t=2600  N=2609  holderDeg=-1  probe(ttl4/6/8/12)=0/0/0/0 of 20
t=2200  N=2209  holderDeg=-1  probe(ttl4/6/8/12)=0/0/0/0 of 20
t=2400  N=2409  holderDeg=-1  probe(ttl4/6/8/12)=0/0/0/0 of 20
t=2400  N=2409  holderDeg=-1  probe(ttl4/6/8/12)=0/0/0/0 of 20
t=2600  N=2609  holderDeg=-1  probe(ttl4/6/8/12)=0/0/0/0 of 20
t=2800  N=2809  holderDeg=-1  probe(ttl4/6/8/12)=0/0/0/0 of 20
t=2600  N=2609  holderDeg=-1  probe(ttl4/6/8/12)=0/0/0/0 of 20
t=2600  N=2609  holderDeg=-1  probe(ttl4/6/8/12)=0/0/0/0 of 20
t=2400  N=2409  holderDeg=-1  probe(ttl4/6/8/12)=0/0/0/0 of 20
t=2600  N=2609  holderDeg=-1  probe(ttl4/6/8/12)=0/0/0/0 of 20
t=2800  N=2809  holderDeg=-1  probe(ttl4/6/8/12)=0/0/0/0 of 20
t=2800  N=2809  holderDeg=-1  probe(ttl4/6/8/12)=0/0/0/0 of 20
t=2600  N=2609  holderDeg=-1  probe(ttl4/6/8/12)=0/0/0/0 of 20
t=3000  N=3009  holderDeg=5  probe(ttl4/6/8/12)=3/6/12/16 of 20
t=2800  N=2809  holderDeg=-1  probe(ttl4/6/8/12)=0/0/0/0 of 20
t=2800  N=2809  holderDeg=-1  probe(ttl4/6/8/12)=0/0/0/0 of 20
t=3000  N=3009  holderDeg=3  probe(ttl4/6/8/12)=0/3/10/15 of 20
t=2800  N=2809  holderDeg=-1  probe(ttl4/6/8/12)=0/0/0/0 of 20
t=3200  N=3209  holderDeg=8  probe(ttl4/6/8/12)=0/1/15/19 of 20
t=3000  N=3009  holderDeg=3  probe(ttl4/6/8/12)=1/1/5/9 of 20
t=3000  N=3009  holderDeg=4  probe(ttl4/6/8/12)=0/5/9/15 of 20
t=3000  N=3009  holderDeg=3  probe(ttl4/6/8/12)=0/5/8/15 of 20
t=3000  N=3009  holderDeg=3  probe(ttl4/6/8/12)=0/3/10/12 of 20
t=3200  N=3209  holderDeg=3  probe(ttl4/6/8/12)=0/1/4/10 of 20
t=3200  N=3209  holderDeg=4  probe(ttl4/6/8/12)=0/4/14/18 of 20
t=3400  N=3409  holderDeg=9  probe(ttl4/6/8/12)=0/9/16/20 of 20
t=3200  N=3209  holderDeg=3  probe(ttl4/6/8/12)=0/2/10/16 of 20
t=3400  N=3409  holderDeg=4  probe(ttl4/6/8/12)=0/7/12/19 of 20
t=3200  N=3209  holderDeg=4  probe(ttl4/6/8/12)=0/3/8/11 of 20
t=3400  N=3409  holderDeg=5  probe(ttl4/6/8/12)=2/2/10/12 of 20
t=3200  N=3209  holderDeg=3  probe(ttl4/6/8/12)=0/4/6/13 of 20
t=3600  N=3609  holderDeg=11  probe(ttl4/6/8/12)=0/7/17/20 of 20
t=3400  N=3409  holderDeg=3  probe(ttl4/6/8/12)=0/1/4/16 of 20
t=3400  N=3409  holderDeg=3  probe(ttl4/6/8/12)=0/4/4/15 of 20
t=3600  N=3609  holderDeg=7  probe(ttl4/6/8/12)=1/4/12/18 of 20
t=3400  N=3409  holderDeg=5  probe(ttl4/6/8/12)=3/4/7/12 of 20
t=3600  N=3609  holderDeg=4  probe(ttl4/6/8/12)=0/2/13/17 of 20
t=3800  N=3809  holderDeg=13  probe(ttl4/6/8/12)=2/6/19/20 of 20
t=3600  N=3609  holderDeg=3  probe(ttl4/6/8/12)=0/2/6/14 of 20
t=3800  N=3809  holderDeg=8  probe(ttl4/6/8/12)=1/4/12/20 of 20
t=4000  N=4009  holderDeg=14  probe(ttl4/6/8/12)=1/7/18/20 of 20
t=3600  N=3609  holderDeg=5  probe(ttl4/6/8/12)=2/3/8/16 of 20
t=3800  N=3809  holderDeg=4  probe(ttl4/6/8/12)=0/3/10/17 of 20
t=3800  N=3809  holderDeg=4  probe(ttl4/6/8/12)=0/3/8/17 of 20
t=3600  N=3609  holderDeg=3  probe(ttl4/6/8/12)=0/2/7/13 of 20
t=4000  N=4009  holderDeg=8  probe(ttl4/6/8/12)=1/3/14/19 of 20
t=3800  N=3809  holderDeg=5  probe(ttl4/6/8/12)=0/4/9/14 of 20
t=4000  N=4009  holderDeg=4  probe(ttl4/6/8/12)=1/4/11/15 of 20
t=4200  N=4209  holderDeg=16  probe(ttl4/6/8/12)=0/9/17/20 of 20
t=3800  N=3809  holderDeg=4  probe(ttl4/6/8/12)=0/2/9/18 of 20
t=4000  N=4009  holderDeg=8  probe(ttl4/6/8/12)=0/4/11/20 of 20
t=4000  N=4009  holderDeg=4  probe(ttl4/6/8/12)=2/5/9/16 of 20
t=4000  N=4009  holderDeg=4  probe(ttl4/6/8/12)=1/3/14/16 of 20
t=4200  N=4209  holderDeg=5  probe(ttl4/6/8/12)=1/2/10/18 of 20
t=4200  N=4209  holderDeg=10  probe(ttl4/6/8/12)=3/2/15/19 of 20
t=4400  N=4409  holderDeg=18  probe(ttl4/6/8/12)=1/12/20/20 of 20
t=4200  N=4209  holderDeg=19  probe(ttl4/6/8/12)=2/11/19/20 of 20
t=4200  N=4209  holderDeg=6  probe(ttl4/6/8/12)=0/2/10/18 of 20
t=4400  N=4409  holderDeg=12  probe(ttl4/6/8/12)=0/4/18/20 of 20
t=4600  N=4609  holderDeg=21  probe(ttl4/6/8/12)=0/9/16/20 of 20
t=4200  N=4209  holderDeg=4  probe(ttl4/6/8/12)=1/1/7/11 of 20
t=4400  N=4409  holderDeg=9  probe(ttl4/6/8/12)=1/4/13/20 of 20
t=4400  N=4409  holderDeg=22  probe(ttl4/6/8/12)=3/9/17/20 of 20
t=4400  N=4409  holderDeg=7  probe(ttl4/6/8/12)=0/3/14/19 of 20
t=4600  N=4609  holderDeg=14  probe(ttl4/6/8/12)=2/8/16/20 of 20
t=4800  N=4809  holderDeg=26  probe(ttl4/6/8/12)=5/8/19/20 of 20
t=4600  N=4609  holderDeg=25  probe(ttl4/6/8/12)=4/9/19/20 of 20
t=4600  N=4609  holderDeg=11  probe(ttl4/6/8/12)=2/2/16/20 of 20
t=4600  N=4609  holderDeg=9  probe(ttl4/6/8/12)=3/5/15/20 of 20
t=4800  N=4809  holderDeg=22  probe(ttl4/6/8/12)=2/7/18/20 of 20
t=4400  N=4409  holderDeg=3  probe(ttl4/6/8/12)=1/0/6/15 of 20
t=5000  N=5009  holderDeg=30  probe(ttl4/6/8/12)=1/14/20/20 of 20
t=4800  N=4809  holderDeg=31  probe(ttl4/6/8/12)=1/7/19/20 of 20
t=4800  N=4809  holderDeg=12  probe(ttl4/6/8/12)=0/7/17/20 of 20
t=4800  N=4809  holderDeg=14  probe(ttl4/6/8/12)=2/6/18/20 of 20
t=4600  N=4609  holderDeg=5  probe(ttl4/6/8/12)=0/5/10/18 of 20
t=5000  N=5009  holderDeg=25  probe(ttl4/6/8/12)=1/6/18/20 of 20
t=5200  N=5209  holderDeg=34  probe(ttl4/6/8/12)=3/8/20/20 of 20
t=5000  N=5009  holderDeg=16  probe(ttl4/6/8/12)=0/5/17/20 of 20
t=5000  N=5009  holderDeg=18  probe(ttl4/6/8/12)=1/7/18/20 of 20
t=5000  N=5009  holderDeg=38  probe(ttl4/6/8/12)=4/10/20/20 of 20
t=5200  N=5209  holderDeg=28  probe(ttl4/6/8/12)=3/12/19/20 of 20
t=4800  N=4809  holderDeg=10  probe(ttl4/6/8/12)=1/5/11/20 of 20
t=5400  N=5409  holderDeg=36  probe(ttl4/6/8/12)=4/12/20/20 of 20
t=5200  N=5209  holderDeg=24  probe(ttl4/6/8/12)=1/7/19/20 of 20
t=5200  N=5209  holderDeg=43  probe(ttl4/6/8/12)=1/12/20/20 of 20
t=5400  N=5409  holderDeg=32  probe(ttl4/6/8/12)=1/10/19/20 of 20
t=5200  N=5209  holderDeg=22  probe(ttl4/6/8/12)=4/13/19/20 of 20
t=5000  N=5009  holderDeg=12  probe(ttl4/6/8/12)=1/8/14/20 of 20
t=5600  N=5609  holderDeg=39  probe(ttl4/6/8/12)=4/12/20/20 of 20
t=5600  N=5609  holderDeg=35  probe(ttl4/6/8/12)=4/13/19/20 of 20
t=5400  N=5409  holderDeg=45  probe(ttl4/6/8/12)=5/15/20/20 of 20
t=5400  N=5409  holderDeg=31  probe(ttl4/6/8/12)=3/15/20/20 of 20
t=5800  N=5809  holderDeg=43  probe(ttl4/6/8/12)=5/15/20/20 of 20
t=5400  N=5409  holderDeg=29  probe(ttl4/6/8/12)=3/11/19/20 of 20
t=5200  N=5209  holderDeg=17  probe(ttl4/6/8/12)=2/4/15/20 of 20
t=5800  N=5809  holderDeg=43  probe(ttl4/6/8/12)=1/15/20/20 of 20
t=5600  N=5609  holderDeg=36  probe(ttl4/6/8/12)=2/12/20/20 of 20
t=6000  N=6009  holderDeg=47  probe(ttl4/6/8/12)=0/11/20/20 of 20
t=5400  N=5409  holderDeg=20  probe(ttl4/6/8/12)=0/8/18/20 of 20
t=5600  N=5609  holderDeg=36  probe(ttl4/6/8/12)=4/13/20/20 of 20
t=5600  N=5609  holderDeg=49  probe(ttl4/6/8/12)=1/14/20/20 of 20
t=6000  N=6009  holderDeg=55  probe(ttl4/6/8/12)=3/12/20/20 of 20
t=5800  N=5809  holderDeg=39  probe(ttl4/6/8/12)=3/10/20/20 of 20
t=6200  N=6209  holderDeg=54  probe(ttl4/6/8/12)=1/13/20/20 of 20
t=5600  N=5609  holderDeg=24  probe(ttl4/6/8/12)=1/12/18/20 of 20
t=5800  N=5809  holderDeg=54  probe(ttl4/6/8/12)=3/13/20/20 of 20
t=6200  N=6209  holderDeg=65  probe(ttl4/6/8/12)=2/14/20/20 of 20
t=5800  N=5809  holderDeg=42  probe(ttl4/6/8/12)=3/14/20/20 of 20
t=6000  N=6009  holderDeg=42  probe(ttl4/6/8/12)=1/14/20/20 of 20
t=5800  N=5809  holderDeg=32  probe(ttl4/6/8/12)=4/12/20/20 of 20
t=6400  N=6409  holderDeg=60  probe(ttl4/6/8/12)=7/13/20/20 of 20
t=6000  N=6009  holderDeg=59  probe(ttl4/6/8/12)=5/13/20/20 of 20
t=6000  N=6009  holderDeg=48  probe(ttl4/6/8/12)=3/10/20/20 of 20
t=6400  N=6409  holderDeg=73  probe(ttl4/6/8/12)=3/18/20/20 of 20
t=6000  N=6009  holderDeg=40  probe(ttl4/6/8/12)=3/11/19/20 of 20
t=6200  N=6209  holderDeg=46  probe(ttl4/6/8/12)=3/14/20/20 of 20
t=6600  N=6609  holderDeg=70  probe(ttl4/6/8/12)=2/17/20/20 of 20
t=6200  N=6209  holderDeg=64  probe(ttl4/6/8/12)=3/15/20/20 of 20
t=6200  N=6209  holderDeg=54  probe(ttl4/6/8/12)=3/13/20/20 of 20
t=6200  N=6209  holderDeg=48  probe(ttl4/6/8/12)=1/13/19/20 of 20
t=6600  N=6609  holderDeg=80  probe(ttl4/6/8/12)=6/17/20/20 of 20
t=6800  N=6809  holderDeg=81  probe(ttl4/6/8/12)=3/17/20/20 of 20
t=6400  N=6409  holderDeg=59  probe(ttl4/6/8/12)=1/11/20/20 of 20
t=6400  N=6409  holderDeg=52  probe(ttl4/6/8/12)=0/12/20/20 of 20
t=6400  N=6409  holderDeg=72  probe(ttl4/6/8/12)=3/17/20/20 of 20
t=6800  N=6809  holderDeg=92  probe(ttl4/6/8/12)=4/19/20/20 of 20
t=6400  N=6409  holderDeg=55  probe(ttl4/6/8/12)=4/13/20/20 of 20
t=7000  N=7009  holderDeg=90  probe(ttl4/6/8/12)=5/17/20/20 of 20
t=6600  N=6609  holderDeg=61  probe(ttl4/6/8/12)=7/16/20/20 of 20
t=6600  N=6609  holderDeg=63  probe(ttl4/6/8/12)=3/14/20/20 of 20
t=6600  N=6609  holderDeg=78  probe(ttl4/6/8/12)=1/10/20/20 of 20
t=7000  N=7009  holderDeg=100  probe(ttl4/6/8/12)=5/17/20/20 of 20
t=7200  N=7209  holderDeg=98  probe(ttl4/6/8/12)=4/17/20/20 of 20
t=6800  N=6809  holderDeg=69  probe(ttl4/6/8/12)=4/16/20/20 of 20
t=6800  N=6809  holderDeg=71  probe(ttl4/6/8/12)=8/15/20/20 of 20
t=6600  N=6609  holderDeg=61  probe(ttl4/6/8/12)=4/11/20/20 of 20
t=6800  N=6809  holderDeg=86  probe(ttl4/6/8/12)=4/18/20/20 of 20
t=7200  N=7209  holderDeg=105  probe(ttl4/6/8/12)=3/15/20/20 of 20
t=7000  N=7009  holderDeg=81  probe(ttl4/6/8/12)=7/16/20/20 of 20
t=6800  N=6809  holderDeg=70  probe(ttl4/6/8/12)=3/12/20/20 of 20
t=7000  N=7009  holderDeg=79  probe(ttl4/6/8/12)=7/16/20/20 of 20
t=7400  N=7409  holderDeg=107  probe(ttl4/6/8/12)=6/18/20/20 of 20
t=7400  N=7409  holderDeg=114  probe(ttl4/6/8/12)=8/17/20/20 of 20
t=7000  N=7009  holderDeg=101  probe(ttl4/6/8/12)=5/15/20/20 of 20
t=7200  N=7209  holderDeg=88  probe(ttl4/6/8/12)=4/18/20/20 of 20
t=7000  N=7009  holderDeg=81  probe(ttl4/6/8/12)=4/20/20/20 of 20
t=7200  N=7209  holderDeg=84  probe(ttl4/6/8/12)=2/18/20/20 of 20
t=7600  N=7609  holderDeg=115  probe(ttl4/6/8/12)=4/16/20/20 of 20
t=7600  N=7609  holderDeg=121  probe(ttl4/6/8/12)=4/18/20/20 of 20
t=7200  N=7209  holderDeg=108  probe(ttl4/6/8/12)=4/19/20/20 of 20
t=7200  N=7209  holderDeg=91  probe(ttl4/6/8/12)=6/18/20/20 of 20
t=7400  N=7409  holderDeg=89  probe(ttl4/6/8/12)=4/14/20/20 of 20
t=7400  N=7409  holderDeg=98  probe(ttl4/6/8/12)=4/13/20/20 of 20
t=7800  N=7809  holderDeg=128  probe(ttl4/6/8/12)=7/18/20/20 of 20
t=7800  N=7809  holderDeg=128  probe(ttl4/6/8/12)=5/18/20/20 of 20
t=7600  N=7609  holderDeg=98  probe(ttl4/6/8/12)=7/16/20/20 of 20
t=7400  N=7409  holderDeg=95  probe(ttl4/6/8/12)=3/17/20/20 of 20
t=7600  N=7609  holderDeg=105  probe(ttl4/6/8/12)=6/19/20/20 of 20
t=8000  N=8009  holderDeg=131  probe(ttl4/6/8/12)=3/17/20/20 of 20
t=8000  N=8009  holderDeg=133  probe(ttl4/6/8/12)=4/17/20/20 of 20
t=7400  N=7409  holderDeg=117  probe(ttl4/6/8/12)=6/19/20/20 of 20
t=7600  N=7609  holderDeg=104  probe(ttl4/6/8/12)=5/17/20/20 of 20
t=7800  N=7809  holderDeg=113  probe(ttl4/6/8/12)=7/17/20/20 of 20
t=7800  N=7809  holderDeg=106  probe(ttl4/6/8/12)=6/17/20/20 of 20
t=7600  N=7609  holderDeg=126  probe(ttl4/6/8/12)=4/18/20/20 of 20
t=8200  N=8209  holderDeg=140  probe(ttl4/6/8/12)=7/16/20/20 of 20
t=7800  N=7809  holderDeg=115  probe(ttl4/6/8/12)=5/17/20/20 of 20
t=8000  N=8009  holderDeg=120  probe(ttl4/6/8/12)=4/15/20/20 of 20
t=8000  N=8009  holderDeg=118  probe(ttl4/6/8/12)=1/18/20/20 of 20
t=7800  N=7809  holderDeg=135  probe(ttl4/6/8/12)=7/17/20/20 of 20
t=8000  N=8009  holderDeg=126  probe(ttl4/6/8/12)=2/17/20/20 of 20
t=8200  N=8209  holderDeg=142  probe(ttl4/6/8/12)=6/18/20/20 of 20
t=8400  N=8409  holderDeg=145  probe(ttl4/6/8/12)=7/18/20/20 of 20
t=8200  N=8209  holderDeg=122  probe(ttl4/6/8/12)=5/17/20/20 of 20
t=8200  N=8209  holderDeg=127  probe(ttl4/6/8/12)=7/18/20/20 of 20
t=8400  N=8409  holderDeg=149  probe(ttl4/6/8/12)=7/20/20/20 of 20
t=8600  N=8609  holderDeg=157  probe(ttl4/6/8/12)=6/18/20/20 of 20
t=8200  N=8209  holderDeg=136  probe(ttl4/6/8/12)=4/18/20/20 of 20
t=8000  N=8009  holderDeg=143  probe(ttl4/6/8/12)=6/18/20/20 of 20
t=8400  N=8409  holderDeg=130  probe(ttl4/6/8/12)=5/18/20/20 of 20
t=8600  N=8609  holderDeg=156  probe(ttl4/6/8/12)=6/20/20/20 of 20
t=8400  N=8409  holderDeg=129  probe(ttl4/6/8/12)=6/16/20/20 of 20
t=8800  N=8809  holderDeg=163  probe(ttl4/6/8/12)=10/15/20/20 of 20
t=8400  N=8409  holderDeg=148  probe(ttl4/6/8/12)=3/17/20/20 of 20
t=8200  N=8209  holderDeg=148  probe(ttl4/6/8/12)=6/19/20/20 of 20
t=8600  N=8609  holderDeg=139  probe(ttl4/6/8/12)=4/18/20/20 of 20
t=8600  N=8609  holderDeg=138  probe(ttl4/6/8/12)=7/18/20/20 of 20
t=9000  N=9009  holderDeg=174  probe(ttl4/6/8/12)=4/20/20/20 of 20
t=8800  N=8809  holderDeg=166  probe(ttl4/6/8/12)=4/20/20/20 of 20
t=8400  N=8409  holderDeg=155  probe(ttl4/6/8/12)=9/18/20/20 of 20
t=8800  N=8809  holderDeg=145  probe(ttl4/6/8/12)=4/18/20/20 of 20
t=8600  N=8609  holderDeg=151  probe(ttl4/6/8/12)=5/20/20/20 of 20
t=9200  N=9209  holderDeg=181  probe(ttl4/6/8/12)=8/18/20/20 of 20
t=8800  N=8809  holderDeg=146  probe(ttl4/6/8/12)=7/20/20/20 of 20
t=9000  N=9009  holderDeg=174  probe(ttl4/6/8/12)=6/18/20/20 of 20
t=8600  N=8609  holderDeg=159  probe(ttl4/6/8/12)=8/20/20/20 of 20
t=8800  N=8809  holderDeg=161  probe(ttl4/6/8/12)=5/19/20/20 of 20
t=9000  N=9009  holderDeg=154  probe(ttl4/6/8/12)=3/18/20/20 of 20
t=9000  N=9009  holderDeg=156  probe(ttl4/6/8/12)=6/20/20/20 of 20
t=9200  N=9209  holderDeg=188  probe(ttl4/6/8/12)=5/18/20/20 of 20
t=8800  N=8809  holderDeg=164  probe(ttl4/6/8/12)=3/19/20/20 of 20
t=9000  N=9009  holderDeg=167  probe(ttl4/6/8/12)=9/18/20/20 of 20
t=9200  N=9209  holderDeg=162  probe(ttl4/6/8/12)=6/17/20/20 of 20
t=9200  N=9209  holderDeg=163  probe(ttl4/6/8/12)=9/20/20/20 of 20
t=9400  N=9409  holderDeg=192  probe(ttl4/6/8/12)=7/19/20/20 of 20
t=9000  N=9009  holderDeg=169  probe(ttl4/6/8/12)=6/19/20/20 of 20
t=9400  N=9409  holderDeg=167  probe(ttl4/6/8/12)=9/19/20/20 of 20
t=9200  N=9209  holderDeg=169  probe(ttl4/6/8/12)=2/19/20/20 of 20
t=9400  N=9409  holderDeg=193  probe(ttl4/6/8/12)=6/19/20/20 of 20
t=9200  N=9209  holderDeg=179  probe(ttl4/6/8/12)=9/19/20/20 of 20
t=9600  N=9609  holderDeg=172  probe(ttl4/6/8/12)=4/19/20/20 of 20
t=9600  N=9609  holderDeg=198  probe(ttl4/6/8/12)=4/19/20/20 of 20
t=9400  N=9409  holderDeg=175  probe(ttl4/6/8/12)=3/20/20/20 of 20
t=9400  N=9409  holderDeg=168  probe(ttl4/6/8/12)=5/19/20/20 of 20
t=9600  N=9609  holderDeg=202  probe(ttl4/6/8/12)=7/19/20/20 of 20
t=9400  N=9409  holderDeg=190  probe(ttl4/6/8/12)=7/17/20/20 of 20
t=9800  N=9809  holderDeg=208  probe(ttl4/6/8/12)=5/20/20/20 of 20
t=9800  N=9809  holderDeg=178  probe(ttl4/6/8/12)=5/19/20/20 of 20
t=9800  N=9809  holderDeg=213  probe(ttl4/6/8/12)=3/20/20/20 of 20
t=9600  N=9609  holderDeg=175  probe(ttl4/6/8/12)=4/18/20/20 of 20
t=9600  N=9609  holderDeg=197  probe(ttl4/6/8/12)=4/19/20/20 of 20
t=10000  N=10009  holderDeg=214  probe(ttl4/6/8/12)=6/20/20/20 of 20
t=9600  N=9609  holderDeg=184  probe(ttl4/6/8/12)=5/16/20/20 of 20
t=10000  N=10009  holderDeg=180  probe(ttl4/6/8/12)=3/18/20/20 of 20
t=9800  N=9809  holderDeg=179  probe(ttl4/6/8/12)=5/19/20/20 of 20
t=9800  N=9809  holderDeg=190  probe(ttl4/6/8/12)=9/18/20/20 of 20
t=9800  N=9809  holderDeg=201  probe(ttl4/6/8/12)=7/19/20/20 of 20
t=10000  N=10009  holderDeg=220  probe(ttl4/6/8/12)=5/20/20/20 of 20
t=10200  N=10209  holderDeg=223  probe(ttl4/6/8/12)=7/20/20/20 of 20
t=10000  N=10009  holderDeg=185  probe(ttl4/6/8/12)=3/20/20/20 of 20
t=10200  N=10209  holderDeg=188  probe(ttl4/6/8/12)=6/15/20/20 of 20
t=10000  N=10009  holderDeg=211  probe(ttl4/6/8/12)=4/16/20/20 of 20
t=10000  N=10009  holderDeg=198  probe(ttl4/6/8/12)=7/19/20/20 of 20
t=10200  N=10209  holderDeg=190  probe(ttl4/6/8/12)=6/19/20/20 of 20
t=10200  N=10209  holderDeg=227  probe(ttl4/6/8/12)=5/19/20/20 of 20
t=10200  N=10209  holderDeg=221  probe(ttl4/6/8/12)=9/18/20/20 of 20
t=10400  N=10409  holderDeg=229  probe(ttl4/6/8/12)=7/20/20/20 of 20
t=10400  N=10409  holderDeg=197  probe(ttl4/6/8/12)=6/18/20/20 of 20
t=10400  N=10409  holderDeg=191  probe(ttl4/6/8/12)=3/19/20/20 of 20
t=10200  N=10209  holderDeg=207  probe(ttl4/6/8/12)=5/19/20/20 of 20
t=10400  N=10409  holderDeg=233  probe(ttl4/6/8/12)=5/20/20/20 of 20
t=10400  N=10409  holderDeg=232  probe(ttl4/6/8/12)=9/20/20/20 of 20
t=10600  N=10609  holderDeg=197  probe(ttl4/6/8/12)=12/20/20/20 of 20
t=10400  N=10409  holderDeg=212  probe(ttl4/6/8/12)=7/18/20/20 of 20
t=10600  N=10609  holderDeg=242  probe(ttl4/6/8/12)=7/20/20/20 of 20
t=10600  N=10609  holderDeg=237  probe(ttl4/6/8/12)=6/20/20/20 of 20
t=10600  N=10609  holderDeg=237  probe(ttl4/6/8/12)=4/20/20/20 of 20
t=10800  N=10809  holderDeg=203  probe(ttl4/6/8/12)=9/17/20/20 of 20
t=10800  N=10809  holderDeg=245  probe(ttl4/6/8/12)=4/20/20/20 of 20
t=10600  N=10609  holderDeg=205  probe(ttl4/6/8/12)=4/19/20/20 of 20
t=10800  N=10809  holderDeg=250  probe(ttl4/6/8/12)=8/20/20/20 of 20
t=10600  N=10609  holderDeg=220  probe(ttl4/6/8/12)=8/18/20/20 of 20
t=10800  N=10809  holderDeg=244  probe(ttl4/6/8/12)=9/20/20/20 of 20
t=11000  N=11009  holderDeg=251  probe(ttl4/6/8/12)=8/20/20/20 of 20
t=10800  N=10809  holderDeg=224  probe(ttl4/6/8/12)=10/19/20/20 of 20
t=10800  N=10809  holderDeg=208  probe(ttl4/6/8/12)=6/20/20/20 of 20
t=11000  N=11009  holderDeg=262  probe(ttl4/6/8/12)=4/19/20/20 of 20
t=11000  N=11009  holderDeg=212  probe(ttl4/6/8/12)=8/19/20/20 of 20
t=11000  N=11009  holderDeg=249  probe(ttl4/6/8/12)=9/19/20/20 of 20
t=11000  N=11009  holderDeg=219  probe(ttl4/6/8/12)=4/19/20/20 of 20
t=11200  N=11209  holderDeg=256  probe(ttl4/6/8/12)=5/18/20/20 of 20
t=11000  N=11009  holderDeg=233  probe(ttl4/6/8/12)=5/19/20/20 of 20
t=11200  N=11209  holderDeg=268  probe(ttl4/6/8/12)=7/19/20/20 of 20
t=11200  N=11209  holderDeg=217  probe(ttl4/6/8/12)=8/20/20/20 of 20
t=11200  N=11209  holderDeg=259  probe(ttl4/6/8/12)=12/20/20/20 of 20
t=11200  N=11209  holderDeg=223  probe(ttl4/6/8/12)=8/20/20/20 of 20
t=11200  N=11209  holderDeg=240  probe(ttl4/6/8/12)=4/19/20/20 of 20
t=11400  N=11409  holderDeg=267  probe(ttl4/6/8/12)=8/20/20/20 of 20
t=11400  N=11409  holderDeg=275  probe(ttl4/6/8/12)=10/19/20/20 of 20
t=11400  N=11409  holderDeg=264  probe(ttl4/6/8/12)=7/20/20/20 of 20
t=11400  N=11409  holderDeg=224  probe(ttl4/6/8/12)=7/18/20/20 of 20
t=11400  N=11409  holderDeg=230  probe(ttl4/6/8/12)=8/20/20/20 of 20
t=11400  N=11409  holderDeg=244  probe(ttl4/6/8/12)=7/19/20/20 of 20
t=11600  N=11609  holderDeg=274  probe(ttl4/6/8/12)=8/18/20/20 of 20
t=11600  N=11609  holderDeg=281  probe(ttl4/6/8/12)=9/19/20/20 of 20
t=11600  N=11609  holderDeg=232  probe(ttl4/6/8/12)=9/20/20/20 of 20
t=11600  N=11609  holderDeg=238  probe(ttl4/6/8/12)=5/17/20/20 of 20
t=11600  N=11609  holderDeg=272  probe(ttl4/6/8/12)=7/17/20/20 of 20
t=11800  N=11809  holderDeg=280  probe(ttl4/6/8/12)=5/20/20/20 of 20
t=11600  N=11609  holderDeg=252  probe(ttl4/6/8/12)=6/17/20/20 of 20
t=11800  N=11809  holderDeg=284  probe(ttl4/6/8/12)=5/20/20/20 of 20
t=11800  N=11809  holderDeg=234  probe(ttl4/6/8/12)=5/18/20/20 of 20
t=11800  N=11809  holderDeg=250  probe(ttl4/6/8/12)=2/16/20/20 of 20
t=11800  N=11809  holderDeg=283  probe(ttl4/6/8/12)=6/18/20/20 of 20
t=11800  N=11809  holderDeg=258  probe(ttl4/6/8/12)=10/18/20/20 of 20
t=12000  N=12009  holderDeg=291  probe(ttl4/6/8/12)=8/20/20/20 of 20
t=12000  N=12009  holderDeg=289  probe(ttl4/6/8/12)=10/20/20/20 of 20
t=12000  N=12009  holderDeg=255  probe(ttl4/6/8/12)=5/17/20/20 of 20
t=12000  N=12009  holderDeg=238  probe(ttl4/6/8/12)=5/18/20/20 of 20
t=12000  N=12009  holderDeg=291  probe(ttl4/6/8/12)=7/18/20/20 of 20
t=12200  N=12209  holderDeg=292  probe(ttl4/6/8/12)=7/20/20/20 of 20
t=12200  N=12209  holderDeg=290  probe(ttl4/6/8/12)=9/19/20/20 of 20
t=12200  N=12209  holderDeg=264  probe(ttl4/6/8/12)=12/18/20/20 of 20
t=12000  N=12009  holderDeg=269  probe(ttl4/6/8/12)=10/19/20/20 of 20
t=12200  N=12209  holderDeg=244  probe(ttl4/6/8/12)=11/19/20/20 of 20
t=12200  N=12209  holderDeg=298  probe(ttl4/6/8/12)=7/18/20/20 of 20
t=12400  N=12409  holderDeg=298  probe(ttl4/6/8/12)=6/17/20/20 of 20
t=12200  N=12209  holderDeg=278  probe(ttl4/6/8/12)=6/18/20/20 of 20
t=12400  N=12409  holderDeg=250  probe(ttl4/6/8/12)=7/18/20/20 of 20
t=12400  N=12409  holderDeg=269  probe(ttl4/6/8/12)=5/19/20/20 of 20
t=12400  N=12409  holderDeg=300  probe(ttl4/6/8/12)=5/20/20/20 of 20
t=12400  N=12409  holderDeg=303  probe(ttl4/6/8/12)=7/20/20/20 of 20
t=12600  N=12609  holderDeg=307  probe(ttl4/6/8/12)=7/20/20/20 of 20
t=12400  N=12409  holderDeg=284  probe(ttl4/6/8/12)=6/20/20/20 of 20
t=12600  N=12609  holderDeg=305  probe(ttl4/6/8/12)=4/17/20/20 of 20
t=12600  N=12609  holderDeg=279  probe(ttl4/6/8/12)=6/19/20/20 of 20
t=12600  N=12609  holderDeg=312  probe(ttl4/6/8/12)=10/18/20/20 of 20
t=12800  N=12809  holderDeg=284  probe(ttl4/6/8/12)=7/20/20/20 of 20
t=12600  N=12609  holderDeg=289  probe(ttl4/6/8/12)=7/18/20/20 of 20
t=12800  N=12809  holderDeg=311  probe(ttl4/6/8/12)=8/20/20/20 of 20
t=12600  N=12609  holderDeg=255  probe(ttl4/6/8/12)=8/19/20/20 of 20
t=12800  N=12809  holderDeg=312  probe(ttl4/6/8/12)=8/20/20/20 of 20
t=12800  N=12809  holderDeg=321  probe(ttl4/6/8/12)=6/18/20/20 of 20
t=12800  N=12809  holderDeg=297  probe(ttl4/6/8/12)=6/20/20/20 of 20
t=12800  N=12809  holderDeg=263  probe(ttl4/6/8/12)=4/20/20/20 of 20
t=13000  N=13009  holderDeg=296  probe(ttl4/6/8/12)=7/19/20/20 of 20
t=13000  N=13009  holderDeg=318  probe(ttl4/6/8/12)=5/20/20/20 of 20
t=13000  N=13009  holderDeg=320  probe(ttl4/6/8/12)=7/19/20/20 of 20
t=13000  N=13009  holderDeg=327  probe(ttl4/6/8/12)=8/20/20/20 of 20
t=13000  N=13009  holderDeg=273  probe(ttl4/6/8/12)=7/17/20/20 of 20
t=13200  N=13209  holderDeg=328  probe(ttl4/6/8/12)=9/20/20/20 of 20
t=13200  N=13209  holderDeg=323  probe(ttl4/6/8/12)=8/20/20/20 of 20
t=13200  N=13209  holderDeg=301  probe(ttl4/6/8/12)=6/19/20/20 of 20
t=13000  N=13009  holderDeg=303  probe(ttl4/6/8/12)=9/20/20/20 of 20
t=13200  N=13209  holderDeg=279  probe(ttl4/6/8/12)=9/20/20/20 of 20
t=13200  N=13209  holderDeg=337  probe(ttl4/6/8/12)=6/20/20/20 of 20
t=13400  N=13409  holderDeg=337  probe(ttl4/6/8/12)=9/20/20/20 of 20
t=13400  N=13409  holderDeg=305  probe(ttl4/6/8/12)=4/18/20/20 of 20
t=13400  N=13409  holderDeg=334  probe(ttl4/6/8/12)=7/19/20/20 of 20
t=13400  N=13409  holderDeg=292  probe(ttl4/6/8/12)=8/20/20/20 of 20
t=13600  N=13609  holderDeg=346  probe(ttl4/6/8/12)=9/19/20/20 of 20
t=13600  N=13609  holderDeg=314  probe(ttl4/6/8/12)=6/19/20/20 of 20
t=13200  N=13209  holderDeg=308  probe(ttl4/6/8/12)=6/20/20/20 of 20
t=13600  N=13609  holderDeg=340  probe(ttl4/6/8/12)=8/19/20/20 of 20
t=13400  N=13409  holderDeg=347  probe(ttl4/6/8/12)=9/19/20/20 of 20
t=13600  N=13609  holderDeg=301  probe(ttl4/6/8/12)=4/18/20/20 of 20
t=13800  N=13809  holderDeg=355  probe(ttl4/6/8/12)=6/19/20/20 of 20
t=13800  N=13809  holderDeg=322  probe(ttl4/6/8/12)=6/19/20/20 of 20
t=13800  N=13809  holderDeg=347  probe(ttl4/6/8/12)=6/19/20/20 of 20
t=13600  N=13609  holderDeg=352  probe(ttl4/6/8/12)=6/20/20/20 of 20
t=13800  N=13809  holderDeg=309  probe(ttl4/6/8/12)=7/20/20/20 of 20
t=14000  N=14009  holderDeg=334  probe(ttl4/6/8/12)=5/20/20/20 of 20
t=14000  N=14009  holderDeg=364  probe(ttl4/6/8/12)=10/18/20/20 of 20
t=13400  N=13409  holderDeg=314  probe(ttl4/6/8/12)=10/20/20/20 of 20
t=14000  N=14009  holderDeg=357  probe(ttl4/6/8/12)=7/20/20/20 of 20
t=13800  N=13809  holderDeg=357  probe(ttl4/6/8/12)=5/20/20/20 of 20
t=14000  N=14009  holderDeg=316  probe(ttl4/6/8/12)=5/20/20/20 of 20
t=14200  N=14209  holderDeg=340  probe(ttl4/6/8/12)=10/20/20/20 of 20
t=14200  N=14209  holderDeg=372  probe(ttl4/6/8/12)=5/20/20/20 of 20

 Growing has been completed
*********************************************************************


 Growing has been completed
*********************************************************************


================ reactive  seed=7  (Pp=100 Pd=0 Pt=0 rewire=False k=5 c=2 eps=0,02 qmax=0,2 N=10000 theta=6 crash=0 shape=0 multi=1 randrw=0 oracle=False fixedthr=0 rules=7 cooper=False dmax=160 mu=1 noscale=False plateau=0 reactive=True) ================

================ reactive  seed=8  (Pp=100 Pd=0 Pt=0 rewire=False k=5 c=2 eps=0,02 qmax=0,2 N=10000 theta=6 crash=0 shape=0 multi=1 randrw=0 oracle=False fixedthr=0 rules=7 cooper=False dmax=160 mu=1 noscale=False plateau=0 reactive=True) ================
t=200  N=209  holderDeg=-1  probe(ttl4/6/8/12)=0/0/0/0 of 20
t=200  N=209  holderDeg=-1  probe(ttl4/6/8/12)=0/0/0/0 of 20
t=400  N=409  holderDeg=-1  probe(ttl4/6/8/12)=0/0/0/0 of 20

 Growing has been completed
*********************************************************************

t=400  N=409  holderDeg=-1  probe(ttl4/6/8/12)=0/0/0/0 of 20
t=600  N=609  holderDeg=-1  probe(ttl4/6/8/12)=0/0/0/0 of 20
t=13600  N=13609  holderDeg=318  probe(ttl4/6/8/12)=6/19/20/20 of 20

================ reactive  seed=9  (Pp=100 Pd=0 Pt=0 rewire=False k=5 c=2 eps=0,02 qmax=0,2 N=10000 theta=6 crash=0 shape=0 multi=1 randrw=0 oracle=False fixedthr=0 rules=7 cooper=False dmax=160 mu=1 noscale=False plateau=0 reactive=True) ================
t=600  N=609  holderDeg=-1  probe(ttl4/6/8/12)=0/0/0/0 of 20
t=200  N=209  holderDeg=-1  probe(ttl4/6/8/12)=0/0/0/0 of 20
t=800  N=809  holderDeg=-1  probe(ttl4/6/8/12)=0/0/0/0 of 20
t=14200  N=14209  holderDeg=365  probe(ttl4/6/8/12)=10/20/20/20 of 20
t=400  N=409  holderDeg=-1  probe(ttl4/6/8/12)=0/0/0/0 of 20
t=800  N=809  holderDeg=-1  probe(ttl4/6/8/12)=0/0/0/0 of 20
t=1000  N=1009  holderDeg=-1  probe(ttl4/6/8/12)=0/0/0/0 of 20
t=600  N=609  holderDeg=-1  probe(ttl4/6/8/12)=0/0/0/0 of 20
t=1000  N=1009  holderDeg=-1  probe(ttl4/6/8/12)=0/0/0/0 of 20
t=1200  N=1209  holderDeg=-1  probe(ttl4/6/8/12)=0/0/0/0 of 20
t=1200  N=1209  holderDeg=-1  probe(ttl4/6/8/12)=0/0/0/0 of 20
t=800  N=809  holderDeg=-1  probe(ttl4/6/8/12)=0/0/0/0 of 20
t=1000  N=1009  holderDeg=-1  probe(ttl4/6/8/12)=0/0/0/0 of 20
t=1400  N=1409  holderDeg=-1  probe(ttl4/6/8/12)=0/0/0/0 of 20
t=1400  N=1409  holderDeg=-1  probe(ttl4/6/8/12)=0/0/0/0 of 20
t=1200  N=1209  holderDeg=-1  probe(ttl4/6/8/12)=0/0/0/0 of 20
t=1600  N=1609  holderDeg=-1  probe(ttl4/6/8/12)=0/0/0/0 of 20
t=1600  N=1609  holderDeg=-1  probe(ttl4/6/8/12)=0/0/0/0 of 20
t=1400  N=1409  holderDeg=-1  probe(ttl4/6/8/12)=0/0/0/0 of 20
t=1800  N=1809  holderDeg=-1  probe(ttl4/6/8/12)=0/0/0/0 of 20
t=1800  N=1809  holderDeg=-1  probe(ttl4/6/8/12)=0/0/0/0 of 20
t=1600  N=1609  holderDeg=-1  probe(ttl4/6/8/12)=0/0/0/0 of 20
t=2000  N=2009  holderDeg=-1  probe(ttl4/6/8/12)=0/0/0/0 of 20

 Growing has been completed
*********************************************************************

t=1800  N=1809  holderDeg=-1  probe(ttl4/6/8/12)=0/0/0/0 of 20
t=2000  N=2009  holderDeg=-1  probe(ttl4/6/8/12)=0/0/0/0 of 20
t=2200  N=2209  holderDeg=-1  probe(ttl4/6/8/12)=0/0/0/0 of 20

================ reactive  seed=10  (Pp=100 Pd=0 Pt=0 rewire=False k=5 c=2 eps=0,02 qmax=0,2 N=10000 theta=6 crash=0 shape=0 multi=1 randrw=0 oracle=False fixedthr=0 rules=7 cooper=False dmax=160 mu=1 noscale=False plateau=0 reactive=True) ================
t=200  N=209  holderDeg=-1  probe(ttl4/6/8/12)=0/0/0/0 of 20
t=400  N=409  holderDeg=-1  probe(ttl4/6/8/12)=0/0/0/0 of 20
t=2000  N=2009  holderDeg=-1  probe(ttl4/6/8/12)=0/0/0/0 of 20
t=2400  N=2409  holderDeg=-1  probe(ttl4/6/8/12)=0/0/0/0 of 20
t=2200  N=2209  holderDeg=-1  probe(ttl4/6/8/12)=0/0/0/0 of 20
t=600  N=609  holderDeg=-1  probe(ttl4/6/8/12)=0/0/0/0 of 20
t=14000  N=14009  holderDeg=367  probe(ttl4/6/8/12)=9/20/20/20 of 20
t=2200  N=2209  holderDeg=-1  probe(ttl4/6/8/12)=0/0/0/0 of 20
t=2600  N=2609  holderDeg=-1  probe(ttl4/6/8/12)=0/0/0/0 of 20
t=800  N=809  holderDeg=-1  probe(ttl4/6/8/12)=0/0/0/0 of 20
t=2400  N=2409  holderDeg=-1  probe(ttl4/6/8/12)=0/0/0/0 of 20
t=2400  N=2409  holderDeg=-1  probe(ttl4/6/8/12)=0/0/0/0 of 20
t=1000  N=1009  holderDeg=-1  probe(ttl4/6/8/12)=0/0/0/0 of 20
t=2800  N=2809  holderDeg=-1  probe(ttl4/6/8/12)=0/0/0/0 of 20
t=2600  N=2609  holderDeg=-1  probe(ttl4/6/8/12)=0/0/0/0 of 20
t=1200  N=1209  holderDeg=-1  probe(ttl4/6/8/12)=0/0/0/0 of 20
t=2600  N=2609  holderDeg=-1  probe(ttl4/6/8/12)=0/0/0/0 of 20
t=1400  N=1409  holderDeg=-1  probe(ttl4/6/8/12)=0/0/0/0 of 20
t=3000  N=3009  holderDeg=4  probe(ttl4/6/8/12)=2/5/8/10 of 20
t=2800  N=2809  holderDeg=-1  probe(ttl4/6/8/12)=0/0/0/0 of 20
t=2800  N=2809  holderDeg=-1  probe(ttl4/6/8/12)=0/0/0/0 of 20
t=1600  N=1609  holderDeg=-1  probe(ttl4/6/8/12)=0/0/0/0 of 20

 Growing has been completed
*********************************************************************

t=3200  N=3209  holderDeg=5  probe(ttl4/6/8/12)=0/4/7/15 of 20
t=3000  N=3009  holderDeg=3  probe(ttl4/6/8/12)=0/2/5/4 of 20
t=3000  N=3009  holderDeg=3  probe(ttl4/6/8/12)=0/2/8/14 of 20
t=1800  N=1809  holderDeg=-1  probe(ttl4/6/8/12)=0/0/0/0 of 20
t=13800  N=13809  holderDeg=327  probe(ttl4/6/8/12)=11/20/20/20 of 20
t=2000  N=2009  holderDeg=-1  probe(ttl4/6/8/12)=0/0/0/0 of 20
t=3200  N=3209  holderDeg=5  probe(ttl4/6/8/12)=1/4/13/20 of 20
t=2200  N=2209  holderDeg=-1  probe(ttl4/6/8/12)=0/0/0/0 of 20
t=3200  N=3209  holderDeg=4  probe(ttl4/6/8/12)=1/0/4/10 of 20
t=3400  N=3409  holderDeg=6  probe(ttl4/6/8/12)=1/4/14/17 of 20
t=3400  N=3409  holderDeg=5  probe(ttl4/6/8/12)=1/1/10/19 of 20
t=2400  N=2409  holderDeg=-1  probe(ttl4/6/8/12)=0/0/0/0 of 20
t=3400  N=3409  holderDeg=4  probe(ttl4/6/8/12)=1/2/6/6 of 20
t=3600  N=3609  holderDeg=7  probe(ttl4/6/8/12)=2/3/15/17 of 20
t=2600  N=2609  holderDeg=-1  probe(ttl4/6/8/12)=0/0/0/0 of 20
t=3600  N=3609  holderDeg=7  probe(ttl4/6/8/12)=0/3/10/15 of 20
t=2800  N=2809  holderDeg=-1  probe(ttl4/6/8/12)=0/0/0/0 of 20
t=3800  N=3809  holderDeg=7  probe(ttl4/6/8/12)=0/2/8/18 of 20
t=3800  N=3809  holderDeg=7  probe(ttl4/6/8/12)=2/8/10/19 of 20
t=3600  N=3609  holderDeg=4  probe(ttl4/6/8/12)=1/3/5/8 of 20
t=4000  N=4009  holderDeg=7  probe(ttl4/6/8/12)=0/6/15/19 of 20
t=14000  N=14009  holderDeg=332  probe(ttl4/6/8/12)=6/18/20/20 of 20
t=3800  N=3809  holderDeg=5  probe(ttl4/6/8/12)=0/6/11/15 of 20
t=3000  N=3009  holderDeg=6  probe(ttl4/6/8/12)=0/3/12/15 of 20
t=4000  N=4009  holderDeg=7  probe(ttl4/6/8/12)=0/3/15/17 of 20
t=4200  N=4209  holderDeg=8  probe(ttl4/6/8/12)=1/7/18/20 of 20
t=4200  N=4209  holderDeg=8  probe(ttl4/6/8/12)=1/3/9/18 of 20
t=4000  N=4009  holderDeg=5  probe(ttl4/6/8/12)=0/3/9/14 of 20
t=3200  N=3209  holderDeg=7  probe(ttl4/6/8/12)=1/6/16/19 of 20
t=4400  N=4409  holderDeg=9  probe(ttl4/6/8/12)=2/5/14/20 of 20
t=4200  N=4209  holderDeg=6  probe(ttl4/6/8/12)=0/5/10/14 of 20
t=4400  N=4409  holderDeg=9  probe(ttl4/6/8/12)=0/1/13/19 of 20
t=3400  N=3409  holderDeg=7  probe(ttl4/6/8/12)=1/6/13/19 of 20
t=4600  N=4609  holderDeg=12  probe(ttl4/6/8/12)=2/5/16/20 of 20
t=4600  N=4609  holderDeg=10  probe(ttl4/6/8/12)=0/6/10/20 of 20
t=4400  N=4409  holderDeg=9  probe(ttl4/6/8/12)=3/6/17/18 of 20
t=3600  N=3609  holderDeg=7  probe(ttl4/6/8/12)=1/7/10/17 of 20
t=14200  N=14209  holderDeg=340  probe(ttl4/6/8/12)=7/20/20/20 of 20
t=4800  N=4809  holderDeg=16  probe(ttl4/6/8/12)=0/9/15/20 of 20
t=3800  N=3809  holderDeg=7  probe(ttl4/6/8/12)=0/2/10/17 of 20
t=4800  N=4809  holderDeg=14  probe(ttl4/6/8/12)=3/5/13/20 of 20
t=4600  N=4609  holderDeg=13  probe(ttl4/6/8/12)=1/2/16/20 of 20
t=5000  N=5009  holderDeg=16  probe(ttl4/6/8/12)=0/6/20/20 of 20
t=4000  N=4009  holderDeg=8  probe(ttl4/6/8/12)=1/7/15/17 of 20
t=5000  N=5009  holderDeg=15  probe(ttl4/6/8/12)=1/9/16/20 of 20
t=4800  N=4809  holderDeg=19  probe(ttl4/6/8/12)=0/11/18/20 of 20
t=5200  N=5209  holderDeg=23  probe(ttl4/6/8/12)=2/12/19/20 of 20
t=5200  N=5209  holderDeg=18  probe(ttl4/6/8/12)=2/7/19/20 of 20
t=4200  N=4209  holderDeg=10  probe(ttl4/6/8/12)=1/3/16/19 of 20
t=5000  N=5009  holderDeg=22  probe(ttl4/6/8/12)=1/6/19/20 of 20
t=5400  N=5409  holderDeg=28  probe(ttl4/6/8/12)=2/7/20/20 of 20
t=5400  N=5409  holderDeg=22  probe(ttl4/6/8/12)=0/8/19/20 of 20
t=4400  N=4409  holderDeg=13  probe(ttl4/6/8/12)=3/7/16/20 of 20
t=14400  N=14409  holderDeg=348  probe(ttl4/6/8/12)=4/20/20/20 of 20

 Growing has been completed
*********************************************************************

t=5200  N=5209  holderDeg=26  probe(ttl4/6/8/12)=2/9/19/20 of 20
t=5600  N=5609  holderDeg=35  probe(ttl4/6/8/12)=4/17/20/20 of 20
t=4600  N=4609  holderDeg=16  probe(ttl4/6/8/12)=0/3/18/20 of 20
t=5600  N=5609  holderDeg=26  probe(ttl4/6/8/12)=1/6/19/20 of 20
t=5400  N=5409  holderDeg=35  probe(ttl4/6/8/12)=5/10/20/20 of 20
t=5800  N=5809  holderDeg=29  probe(ttl4/6/8/12)=0/10/20/20 of 20
t=5800  N=5809  holderDeg=41  probe(ttl4/6/8/12)=2/12/20/20 of 20
t=4800  N=4809  holderDeg=21  probe(ttl4/6/8/12)=1/9/18/20 of 20
t=6000  N=6009  holderDeg=40  probe(ttl4/6/8/12)=1/12/20/20 of 20
t=5600  N=5609  holderDeg=42  probe(ttl4/6/8/12)=5/14/20/20 of 20
t=6000  N=6009  holderDeg=45  probe(ttl4/6/8/12)=4/14/20/20 of 20
t=5000  N=5009  holderDeg=25  probe(ttl4/6/8/12)=0/12/20/20 of 20
t=6200  N=6209  holderDeg=46  probe(ttl4/6/8/12)=3/12/20/20 of 20
t=5200  N=5209  holderDeg=26  probe(ttl4/6/8/12)=2/13/20/20 of 20
t=5800  N=5809  holderDeg=49  probe(ttl4/6/8/12)=4/12/20/20 of 20
t=6200  N=6209  holderDeg=53  probe(ttl4/6/8/12)=3/11/20/20 of 20
t=5400  N=5409  holderDeg=29  probe(ttl4/6/8/12)=0/14/20/20 of 20
t=6400  N=6409  holderDeg=52  probe(ttl4/6/8/12)=2/16/20/20 of 20
t=6000  N=6009  holderDeg=53  probe(ttl4/6/8/12)=5/15/20/20 of 20
t=5600  N=5609  holderDeg=40  probe(ttl4/6/8/12)=7/14/20/20 of 20
t=6200  N=6209  holderDeg=59  probe(ttl4/6/8/12)=3/15/20/20 of 20
t=6400  N=6409  holderDeg=56  probe(ttl4/6/8/12)=3/16/20/20 of 20
t=5800  N=5809  holderDeg=47  probe(ttl4/6/8/12)=4/15/20/20 of 20
t=6600  N=6609  holderDeg=59  probe(ttl4/6/8/12)=4/15/20/20 of 20
t=6400  N=6409  holderDeg=63  probe(ttl4/6/8/12)=2/15/20/20 of 20
t=6800  N=6809  holderDeg=67  probe(ttl4/6/8/12)=1/16/20/20 of 20
t=6600  N=6609  holderDeg=60  probe(ttl4/6/8/12)=5/17/20/20 of 20
t=6000  N=6009  holderDeg=56  probe(ttl4/6/8/12)=2/19/20/20 of 20
t=7000  N=7009  holderDeg=77  probe(ttl4/6/8/12)=5/19/20/20 of 20
t=6600  N=6609  holderDeg=69  probe(ttl4/6/8/12)=7/11/20/20 of 20
t=6800  N=6809  holderDeg=66  probe(ttl4/6/8/12)=5/16/20/20 of 20
t=6200  N=6209  holderDeg=64  probe(ttl4/6/8/12)=2/12/20/20 of 20
t=6800  N=6809  holderDeg=77  probe(ttl4/6/8/12)=6/14/20/20 of 20
t=7200  N=7209  holderDeg=86  probe(ttl4/6/8/12)=4/14/20/20 of 20
t=6400  N=6409  holderDeg=73  probe(ttl4/6/8/12)=6/17/20/20 of 20
t=7000  N=7009  holderDeg=72  probe(ttl4/6/8/12)=5/12/20/20 of 20
t=7000  N=7009  holderDeg=84  probe(ttl4/6/8/12)=3/17/20/20 of 20
t=7400  N=7409  holderDeg=92  probe(ttl4/6/8/12)=6/16/20/20 of 20
t=6600  N=6609  holderDeg=81  probe(ttl4/6/8/12)=5/16/20/20 of 20
t=7200  N=7209  holderDeg=89  probe(ttl4/6/8/12)=5/15/20/20 of 20
t=7600  N=7609  holderDeg=95  probe(ttl4/6/8/12)=2/18/20/20 of 20
t=7200  N=7209  holderDeg=79  probe(ttl4/6/8/12)=3/18/20/20 of 20
t=6800  N=6809  holderDeg=90  probe(ttl4/6/8/12)=3/17/20/20 of 20
t=7400  N=7409  holderDeg=99  probe(ttl4/6/8/12)=7/16/20/20 of 20
t=7000  N=7009  holderDeg=97  probe(ttl4/6/8/12)=5/17/20/20 of 20
t=7800  N=7809  holderDeg=101  probe(ttl4/6/8/12)=4/17/20/20 of 20
t=7400  N=7409  holderDeg=85  probe(ttl4/6/8/12)=2/17/20/20 of 20
t=7600  N=7609  holderDeg=109  probe(ttl4/6/8/12)=5/18/20/20 of 20
t=8000  N=8009  holderDeg=105  probe(ttl4/6/8/12)=5/19/20/20 of 20
t=7200  N=7209  holderDeg=102  probe(ttl4/6/8/12)=4/18/20/20 of 20
t=7400  N=7409  holderDeg=112  probe(ttl4/6/8/12)=5/18/20/20 of 20
t=7600  N=7609  holderDeg=95  probe(ttl4/6/8/12)=7/14/20/20 of 20
t=7800  N=7809  holderDeg=116  probe(ttl4/6/8/12)=5/15/20/20 of 20
t=8200  N=8209  holderDeg=111  probe(ttl4/6/8/12)=5/18/20/20 of 20
t=7600  N=7609  holderDeg=117  probe(ttl4/6/8/12)=9/18/20/20 of 20
t=7800  N=7809  holderDeg=105  probe(ttl4/6/8/12)=3/16/20/20 of 20
t=8400  N=8409  holderDeg=121  probe(ttl4/6/8/12)=5/18/20/20 of 20
t=8000  N=8009  holderDeg=125  probe(ttl4/6/8/12)=5/18/20/20 of 20
t=7800  N=7809  holderDeg=126  probe(ttl4/6/8/12)=4/20/20/20 of 20
t=8000  N=8009  holderDeg=115  probe(ttl4/6/8/12)=6/19/20/20 of 20
t=8200  N=8209  holderDeg=133  probe(ttl4/6/8/12)=4/19/20/20 of 20
t=8600  N=8609  holderDeg=130  probe(ttl4/6/8/12)=4/12/20/20 of 20
t=8000  N=8009  holderDeg=131  probe(ttl4/6/8/12)=5/19/20/20 of 20
t=8200  N=8209  holderDeg=124  probe(ttl4/6/8/12)=4/18/20/20 of 20
t=8400  N=8409  holderDeg=141  probe(ttl4/6/8/12)=7/16/20/20 of 20
t=8200  N=8209  holderDeg=142  probe(ttl4/6/8/12)=8/16/20/20 of 20
t=8400  N=8409  holderDeg=132  probe(ttl4/6/8/12)=3/19/20/20 of 20
t=8800  N=8809  holderDeg=140  probe(ttl4/6/8/12)=5/20/20/20 of 20
t=8600  N=8609  holderDeg=147  probe(ttl4/6/8/12)=3/17/20/20 of 20
t=8400  N=8409  holderDeg=148  probe(ttl4/6/8/12)=6/19/20/20 of 20
t=8600  N=8609  holderDeg=137  probe(ttl4/6/8/12)=2/18/20/20 of 20
t=8800  N=8809  holderDeg=156  probe(ttl4/6/8/12)=5/20/20/20 of 20
t=8800  N=8809  holderDeg=144  probe(ttl4/6/8/12)=4/18/20/20 of 20
t=9000  N=9009  holderDeg=146  probe(ttl4/6/8/12)=5/18/20/20 of 20
t=8600  N=8609  holderDeg=155  probe(ttl4/6/8/12)=6/20/20/20 of 20
t=9000  N=9009  holderDeg=167  probe(ttl4/6/8/12)=7/20/20/20 of 20
t=9000  N=9009  holderDeg=154  probe(ttl4/6/8/12)=9/19/20/20 of 20
t=9200  N=9209  holderDeg=152  probe(ttl4/6/8/12)=2/19/20/20 of 20
t=8800  N=8809  holderDeg=162  probe(ttl4/6/8/12)=5/20/20/20 of 20
t=9200  N=9209  holderDeg=172  probe(ttl4/6/8/12)=4/20/20/20 of 20
t=9200  N=9209  holderDeg=160  probe(ttl4/6/8/12)=5/19/20/20 of 20
t=9400  N=9409  holderDeg=159  probe(ttl4/6/8/12)=9/15/20/20 of 20
t=9000  N=9009  holderDeg=167  probe(ttl4/6/8/12)=7/18/20/20 of 20
t=9400  N=9409  holderDeg=179  probe(ttl4/6/8/12)=4/17/20/20 of 20
t=9400  N=9409  holderDeg=168  probe(ttl4/6/8/12)=5/20/20/20 of 20
t=9600  N=9609  holderDeg=167  probe(ttl4/6/8/12)=4/17/20/20 of 20
t=9600  N=9609  holderDeg=187  probe(ttl4/6/8/12)=7/19/20/20 of 20
t=9600  N=9609  holderDeg=173  probe(ttl4/6/8/12)=4/17/20/20 of 20
t=9800  N=9809  holderDeg=173  probe(ttl4/6/8/12)=4/19/20/20 of 20
t=9200  N=9209  holderDeg=174  probe(ttl4/6/8/12)=3/19/20/20 of 20
t=10000  N=10009  holderDeg=182  probe(ttl4/6/8/12)=6/19/20/20 of 20
t=9800  N=9809  holderDeg=179  probe(ttl4/6/8/12)=8/18/20/20 of 20
t=9400  N=9409  holderDeg=179  probe(ttl4/6/8/12)=8/20/20/20 of 20
t=9800  N=9809  holderDeg=194  probe(ttl4/6/8/12)=6/20/20/20 of 20
t=10200  N=10209  holderDeg=187  probe(ttl4/6/8/12)=9/17/20/20 of 20
t=10000  N=10009  holderDeg=185  probe(ttl4/6/8/12)=6/20/20/20 of 20
t=9600  N=9609  holderDeg=189  probe(ttl4/6/8/12)=12/19/20/20 of 20
t=10000  N=10009  holderDeg=196  probe(ttl4/6/8/12)=5/19/20/20 of 20
t=10400  N=10409  holderDeg=193  probe(ttl4/6/8/12)=6/20/20/20 of 20
t=10200  N=10209  holderDeg=197  probe(ttl4/6/8/12)=9/18/20/20 of 20
t=9800  N=9809  holderDeg=196  probe(ttl4/6/8/12)=5/20/20/20 of 20
t=10400  N=10409  holderDeg=205  probe(ttl4/6/8/12)=7/18/20/20 of 20
t=10600  N=10609  holderDeg=200  probe(ttl4/6/8/12)=9/15/20/20 of 20
t=10200  N=10209  holderDeg=201  probe(ttl4/6/8/12)=4/19/20/20 of 20
t=10000  N=10009  holderDeg=205  probe(ttl4/6/8/12)=4/20/20/20 of 20
t=10600  N=10609  holderDeg=216  probe(ttl4/6/8/12)=4/19/20/20 of 20
t=10400  N=10409  holderDeg=209  probe(ttl4/6/8/12)=6/19/20/20 of 20
t=10800  N=10809  holderDeg=208  probe(ttl4/6/8/12)=10/19/20/20 of 20
t=10200  N=10209  holderDeg=213  probe(ttl4/6/8/12)=7/19/20/20 of 20
t=10800  N=10809  holderDeg=225  probe(ttl4/6/8/12)=6/19/20/20 of 20
t=11000  N=11009  holderDeg=217  probe(ttl4/6/8/12)=8/19/20/20 of 20
t=10400  N=10409  holderDeg=219  probe(ttl4/6/8/12)=4/20/20/20 of 20
t=10600  N=10609  holderDeg=218  probe(ttl4/6/8/12)=9/20/20/20 of 20
t=11000  N=11009  holderDeg=234  probe(ttl4/6/8/12)=5/20/20/20 of 20
t=11200  N=11209  holderDeg=228  probe(ttl4/6/8/12)=7/18/20/20 of 20
t=10600  N=10609  holderDeg=222  probe(ttl4/6/8/12)=7/20/20/20 of 20
t=10800  N=10809  holderDeg=228  probe(ttl4/6/8/12)=5/18/20/20 of 20
t=11200  N=11209  holderDeg=243  probe(ttl4/6/8/12)=9/20/20/20 of 20
t=11400  N=11409  holderDeg=237  probe(ttl4/6/8/12)=5/20/20/20 of 20
t=11000  N=11009  holderDeg=235  probe(ttl4/6/8/12)=4/20/20/20 of 20
t=10800  N=10809  holderDeg=235  probe(ttl4/6/8/12)=5/20/20/20 of 20
t=11400  N=11409  holderDeg=253  probe(ttl4/6/8/12)=5/20/20/20 of 20
t=11600  N=11609  holderDeg=241  probe(ttl4/6/8/12)=3/20/20/20 of 20
t=11000  N=11009  holderDeg=245  probe(ttl4/6/8/12)=6/20/20/20 of 20
t=11200  N=11209  holderDeg=244  probe(ttl4/6/8/12)=3/19/20/20 of 20
t=11600  N=11609  holderDeg=262  probe(ttl4/6/8/12)=9/18/20/20 of 20
t=11800  N=11809  holderDeg=249  probe(ttl4/6/8/12)=8/20/20/20 of 20
t=11400  N=11409  holderDeg=250  probe(ttl4/6/8/12)=11/20/20/20 of 20
t=11800  N=11809  holderDeg=272  probe(ttl4/6/8/12)=4/19/20/20 of 20
t=11200  N=11209  holderDeg=254  probe(ttl4/6/8/12)=11/19/20/20 of 20
t=12000  N=12009  holderDeg=256  probe(ttl4/6/8/12)=5/19/20/20 of 20
t=11600  N=11609  holderDeg=256  probe(ttl4/6/8/12)=4/20/20/20 of 20
t=12000  N=12009  holderDeg=284  probe(ttl4/6/8/12)=10/20/20/20 of 20
t=11400  N=11409  holderDeg=261  probe(ttl4/6/8/12)=10/19/20/20 of 20
t=12200  N=12209  holderDeg=261  probe(ttl4/6/8/12)=11/19/20/20 of 20
t=11800  N=11809  holderDeg=259  probe(ttl4/6/8/12)=5/20/20/20 of 20
t=12200  N=12209  holderDeg=293  probe(ttl4/6/8/12)=8/19/20/20 of 20
t=11600  N=11609  holderDeg=266  probe(ttl4/6/8/12)=5/20/20/20 of 20
t=12400  N=12409  holderDeg=268  probe(ttl4/6/8/12)=7/18/20/20 of 20
t=12000  N=12009  holderDeg=269  probe(ttl4/6/8/12)=8/20/20/20 of 20
t=11800  N=11809  holderDeg=270  probe(ttl4/6/8/12)=7/20/20/20 of 20
t=12400  N=12409  holderDeg=299  probe(ttl4/6/8/12)=2/20/20/20 of 20
t=12600  N=12609  holderDeg=278  probe(ttl4/6/8/12)=7/17/20/20 of 20
t=12200  N=12209  holderDeg=283  probe(ttl4/6/8/12)=7/19/20/20 of 20
t=12800  N=12809  holderDeg=284  probe(ttl4/6/8/12)=11/20/20/20 of 20
t=12600  N=12609  holderDeg=307  probe(ttl4/6/8/12)=7/19/20/20 of 20
t=13000  N=13009  holderDeg=292  probe(ttl4/6/8/12)=9/20/20/20 of 20
t=12800  N=12809  holderDeg=315  probe(ttl4/6/8/12)=13/20/20/20 of 20
t=12000  N=12009  holderDeg=275  probe(ttl4/6/8/12)=8/20/20/20 of 20
t=12400  N=12409  holderDeg=290  probe(ttl4/6/8/12)=10/19/20/20 of 20
t=12200  N=12209  holderDeg=281  probe(ttl4/6/8/12)=9/20/20/20 of 20
t=13200  N=13209  holderDeg=298  probe(ttl4/6/8/12)=4/19/20/20 of 20
t=12400  N=12409  holderDeg=284  probe(ttl4/6/8/12)=7/20/20/20 of 20
t=13000  N=13009  holderDeg=321  probe(ttl4/6/8/12)=8/19/20/20 of 20
t=12600  N=12609  holderDeg=298  probe(ttl4/6/8/12)=6/20/20/20 of 20
t=13400  N=13409  holderDeg=303  probe(ttl4/6/8/12)=10/20/20/20 of 20
t=12600  N=12609  holderDeg=292  probe(ttl4/6/8/12)=12/20/20/20 of 20
t=13200  N=13209  holderDeg=325  probe(ttl4/6/8/12)=9/20/20/20 of 20
t=12800  N=12809  holderDeg=302  probe(ttl4/6/8/12)=6/20/20/20 of 20
t=13600  N=13609  holderDeg=313  probe(ttl4/6/8/12)=8/18/20/20 of 20
t=12800  N=12809  holderDeg=304  probe(ttl4/6/8/12)=6/19/20/20 of 20
t=13400  N=13409  holderDeg=331  probe(ttl4/6/8/12)=7/19/20/20 of 20
t=13800  N=13809  holderDeg=320  probe(ttl4/6/8/12)=4/20/20/20 of 20
t=13600  N=13609  holderDeg=334  probe(ttl4/6/8/12)=9/20/20/20 of 20
t=13000  N=13009  holderDeg=308  probe(ttl4/6/8/12)=6/20/20/20 of 20
t=13000  N=13009  holderDeg=312  probe(ttl4/6/8/12)=12/20/20/20 of 20
t=14000  N=14009  holderDeg=332  probe(ttl4/6/8/12)=5/20/20/20 of 20
t=13800  N=13809  holderDeg=343  probe(ttl4/6/8/12)=4/20/20/20 of 20
t=13200  N=13209  holderDeg=316  probe(ttl4/6/8/12)=5/18/20/20 of 20
t=13200  N=13209  holderDeg=322  probe(ttl4/6/8/12)=7/19/20/20 of 20
t=14200  N=14209  holderDeg=341  probe(ttl4/6/8/12)=4/19/20/20 of 20

 Growing has been completed
*********************************************************************

t=14000  N=14009  holderDeg=354  probe(ttl4/6/8/12)=8/20/20/20 of 20
t=13400  N=13409  holderDeg=322  probe(ttl4/6/8/12)=11/20/20/20 of 20
t=13400  N=13409  holderDeg=330  probe(ttl4/6/8/12)=5/20/20/20 of 20
t=14200  N=14209  holderDeg=364  probe(ttl4/6/8/12)=7/19/20/20 of 20
t=13600  N=13609  holderDeg=339  probe(ttl4/6/8/12)=8/19/20/20 of 20
t=13600  N=13609  holderDeg=326  probe(ttl4/6/8/12)=7/19/20/20 of 20

 Growing has been completed
*********************************************************************

t=13800  N=13809  holderDeg=346  probe(ttl4/6/8/12)=6/20/20/20 of 20
t=14000  N=14009  holderDeg=354  probe(ttl4/6/8/12)=6/19/20/20 of 20
t=13800  N=13809  holderDeg=335  probe(ttl4/6/8/12)=5/20/20/20 of 20
t=14200  N=14209  holderDeg=361  probe(ttl4/6/8/12)=11/20/20/20 of 20

 Growing has been completed
*********************************************************************

t=14000  N=14009  holderDeg=342  probe(ttl4/6/8/12)=7/20/20/20 of 20
t=14200  N=14209  holderDeg=354  probe(ttl4/6/8/12)=10/20/20/20 of 20

 Growing has been completed
*********************************************************************

REACT_DONE
